../Drivers/STM32G0xx_HAL_Driver/Src/stm32g0xx_hal_dma.c:152:19:HAL_DMA_Init	24	static
../Drivers/STM32G0xx_HAL_Driver/Src/stm32g0xx_hal_dma.c:259:19:HAL_DMA_DeInit	32	static
../Drivers/STM32G0xx_HAL_Driver/Src/stm32g0xx_hal_dma.c:382:19:HAL_DMA_Start	20	static
../Drivers/STM32G0xx_HAL_Driver/Src/stm32g0xx_hal_dma.c:433:19:HAL_DMA_Start_IT	24	static
../Drivers/STM32G0xx_HAL_Driver/Src/stm32g0xx_hal_dma.c:507:19:HAL_DMA_Abort	16	static
../Drivers/STM32G0xx_HAL_Driver/Src/stm32g0xx_hal_dma.c:572:19:HAL_DMA_Abort_IT	16	static
../Drivers/STM32G0xx_HAL_Driver/Src/stm32g0xx_hal_dma.c:637:19:HAL_DMA_PollForTransfer	40	static
../Drivers/STM32G0xx_HAL_Driver/Src/stm32g0xx_hal_dma.c:797:6:HAL_DMA_IRQHandler	16	static
../Drivers/STM32G0xx_HAL_Driver/Src/stm32g0xx_hal_dma.c:903:19:HAL_DMA_RegisterCallback	8	static
../Drivers/STM32G0xx_HAL_Driver/Src/stm32g0xx_hal_dma.c:954:19:HAL_DMA_UnRegisterCallback	0	static
../Drivers/STM32G0xx_HAL_Driver/Src/stm32g0xx_hal_dma.c:1032:22:HAL_DMA_GetState	0	static
../Drivers/STM32G0xx_HAL_Driver/Src/stm32g0xx_hal_dma.c:1044:10:HAL_DMA_GetError	0	static
