../Drivers/STM32G0xx_HAL_Driver/Src/stm32g0xx_hal_pwr_ex.c:131:6:HAL_PWREx_EnableBatteryCharging	0	static
../Drivers/STM32G0xx_HAL_Driver/Src/stm32g0xx_hal_pwr_ex.c:146:6:HAL_PWREx_DisableBatteryCharging	0	static
../Drivers/STM32G0xx_HAL_Driver/Src/stm32g0xx_hal_pwr_ex.c:159:6:HAL_PWREx_EnablePORMonitorSampling	0	static
../Drivers/STM32G0xx_HAL_Driver/Src/stm32g0xx_hal_pwr_ex.c:169:6:HAL_PWREx_DisablePORMonitorSampling	0	static
../Drivers/STM32G0xx_HAL_Driver/Src/stm32g0xx_hal_pwr_ex.c:187:19:HAL_PWREx_ConfigPVD	8	static
../Drivers/STM32G0xx_HAL_Driver/Src/stm32g0xx_hal_pwr_ex.c:233:6:HAL_PWREx_EnablePVD	0	static
../Drivers/STM32G0xx_HAL_Driver/Src/stm32g0xx_hal_pwr_ex.c:243:6:HAL_PWREx_DisablePVD	0	static
../Drivers/STM32G0xx_HAL_Driver/Src/stm32g0xx_hal_pwr_ex.c:381:6:HAL_PWREx_EnableInternalWakeUpLine	0	static
../Drivers/STM32G0xx_HAL_Driver/Src/stm32g0xx_hal_pwr_ex.c:390:6:HAL_PWREx_DisableInternalWakeUpLine	0	static
../Drivers/STM32G0xx_HAL_Driver/Src/stm32g0xx_hal_pwr_ex.c:414:19:HAL_PWREx_EnableGPIOPullUp	0	static
../Drivers/STM32G0xx_HAL_Driver/Src/stm32g0xx_hal_pwr_ex.c:476:19:HAL_PWREx_DisableGPIOPullUp	0	static
../Drivers/STM32G0xx_HAL_Driver/Src/stm32g0xx_hal_pwr_ex.c:538:19:HAL_PWREx_EnableGPIOPullDown	0	static
../Drivers/STM32G0xx_HAL_Driver/Src/stm32g0xx_hal_pwr_ex.c:600:19:HAL_PWREx_DisableGPIOPullDown	0	static
../Drivers/STM32G0xx_HAL_Driver/Src/stm32g0xx_hal_pwr_ex.c:653:6:HAL_PWREx_EnablePullUpPullDownConfig	0	static
../Drivers/STM32G0xx_HAL_Driver/Src/stm32g0xx_hal_pwr_ex.c:664:6:HAL_PWREx_DisablePullUpPullDownConfig	0	static
../Drivers/STM32G0xx_HAL_Driver/Src/stm32g0xx_hal_pwr_ex.c:676:6:HAL_PWREx_EnableSRAMRetention	0	static
../Drivers/STM32G0xx_HAL_Driver/Src/stm32g0xx_hal_pwr_ex.c:688:6:HAL_PWREx_DisableSRAMRetention	0	static
../Drivers/STM32G0xx_HAL_Driver/Src/stm32g0xx_hal_pwr_ex.c:704:6:HAL_PWREx_EnableFlashPowerDown	0	static
../Drivers/STM32G0xx_HAL_Driver/Src/stm32g0xx_hal_pwr_ex.c:722:6:HAL_PWREx_DisableFlashPowerDown	0	static
../Drivers/STM32G0xx_HAL_Driver/Src/stm32g0xx_hal_pwr_ex.c:736:10:HAL_PWREx_GetVoltageRange	0	static
../Drivers/STM32G0xx_HAL_Driver/Src/stm32g0xx_hal_pwr_ex.c:762:19:HAL_PWREx_ControlVoltageScaling	16	static
../Drivers/STM32G0xx_HAL_Driver/Src/stm32g0xx_hal_pwr_ex.c:803:6:HAL_PWREx_EnableLowPowerRunMode	0	static
../Drivers/STM32G0xx_HAL_Driver/Src/stm32g0xx_hal_pwr_ex.c:818:19:HAL_PWREx_DisableLowPowerRunMode	8	static
../Drivers/STM32G0xx_HAL_Driver/Src/stm32g0xx_hal_pwr_ex.c:860:6:HAL_PWREx_EnterSHUTDOWNMode	0	static,ignoring_inline_asm
../Drivers/STM32G0xx_HAL_Driver/Src/stm32g0xx_hal_pwr_ex.c:981:13:HAL_PWREx_PVD_Rising_Callback	0	static
../Drivers/STM32G0xx_HAL_Driver/Src/stm32g0xx_hal_pwr_ex.c:992:13:HAL_PWREx_PVD_Falling_Callback	0	static
../Drivers/STM32G0xx_HAL_Driver/Src/stm32g0xx_hal_pwr_ex.c:954:6:HAL_PWREx_PVD_IRQHandler	8	static
