../Drivers/STM32G0xx_HAL_Driver/Src/stm32g0xx_hal_adc.c:853:13:HAL_ADC_MspInit	0	static
../Drivers/STM32G0xx_HAL_Driver/Src/stm32g0xx_hal_adc.c:378:19:HAL_ADC_Init	32	static
../Drivers/STM32G0xx_HAL_Driver/Src/stm32g0xx_hal_adc.c:870:13:HAL_ADC_MspDeInit	0	static
../Drivers/STM32G0xx_HAL_Driver/Src/stm32g0xx_hal_adc.c:1255:19:HAL_ADC_PollForConversion	24	static
../Drivers/STM32G0xx_HAL_Driver/Src/stm32g0xx_hal_adc.c:1388:19:HAL_ADC_PollForEvent	24	static
../Drivers/STM32G0xx_HAL_Driver/Src/stm32g0xx_hal_adc.c:1833:10:HAL_ADC_GetValue	0	static
../Drivers/STM32G0xx_HAL_Driver/Src/stm32g0xx_hal_adc.c:2060:13:HAL_ADC_ConvCpltCallback	0	static
../Drivers/STM32G0xx_HAL_Driver/Src/stm32g0xx_hal_adc.c:2075:13:HAL_ADC_ConvHalfCpltCallback	0	static
../Drivers/STM32G0xx_HAL_Driver/Src/stm32g0xx_hal_adc.c:2930:13:ADC_DMAHalfConvCplt	8	static
../Drivers/STM32G0xx_HAL_Driver/Src/stm32g0xx_hal_adc.c:2090:13:HAL_ADC_LevelOutOfWindowCallback	0	static
../Drivers/STM32G0xx_HAL_Driver/Src/stm32g0xx_hal_adc.c:2112:13:HAL_ADC_ErrorCallback	0	static
../Drivers/STM32G0xx_HAL_Driver/Src/stm32g0xx_hal_adc.c:2948:13:ADC_DMAError	8	static
../Drivers/STM32G0xx_HAL_Driver/Src/stm32g0xx_hal_adc.c:2852:13:ADC_DMAConvCplt	8	static
../Drivers/STM32G0xx_HAL_Driver/Src/stm32g0xx_hal_adc.c:1850:6:HAL_ADC_IRQHandler	24	static
../Drivers/STM32G0xx_HAL_Driver/Src/stm32g0xx_hal_adc.c:2158:19:HAL_ADC_ConfigChannel	56	static
../Drivers/STM32G0xx_HAL_Driver/Src/stm32g0xx_hal_adc.c:2602:10:HAL_ADC_GetState	0	static
../Drivers/STM32G0xx_HAL_Driver/Src/stm32g0xx_hal_adc.c:2616:10:HAL_ADC_GetError	0	static
../Drivers/STM32G0xx_HAL_Driver/Src/stm32g0xx_hal_adc.c:2643:19:ADC_ConversionStop	16	static
../Drivers/STM32G0xx_HAL_Driver/Src/stm32g0xx_hal_adc.c:2697:19:ADC_Enable	32	static
../Drivers/STM32G0xx_HAL_Driver/Src/stm32g0xx_hal_adc.c:1137:19:HAL_ADC_Start	24	static
../Drivers/STM32G0xx_HAL_Driver/Src/stm32g0xx_hal_adc.c:1518:19:HAL_ADC_Start_IT	24	static
../Drivers/STM32G0xx_HAL_Driver/Src/stm32g0xx_hal_adc.c:1656:19:HAL_ADC_Start_DMA	24	static
../Drivers/STM32G0xx_HAL_Driver/Src/stm32g0xx_hal_adc.c:2790:19:ADC_Disable	24	static
../Drivers/STM32G0xx_HAL_Driver/Src/stm32g0xx_hal_adc.c:727:19:HAL_ADC_DeInit	16	static
../Drivers/STM32G0xx_HAL_Driver/Src/stm32g0xx_hal_adc.c:1204:19:HAL_ADC_Stop	16	static
../Drivers/STM32G0xx_HAL_Driver/Src/stm32g0xx_hal_adc.c:1609:19:HAL_ADC_Stop_IT	16	static
../Drivers/STM32G0xx_HAL_Driver/Src/stm32g0xx_hal_adc.c:1752:19:HAL_ADC_Stop_DMA	16	static
../Drivers/STM32G0xx_HAL_Driver/Src/stm32g0xx_hal_adc.c:2366:19:HAL_ADC_AnalogWDGConfig	32	static
