../Drivers/STM32G0xx_HAL_Driver/Src/stm32g0xx_hal_uart.c:4087:13:UART_TxISR_16BIT	8	static,ignoring_inline_asm
../Drivers/STM32G0xx_HAL_Driver/Src/stm32g0xx_hal_uart.c:4159:13:UART_TxISR_16BIT_FIFOEN	16	static,ignoring_inline_asm
../Drivers/STM32G0xx_HAL_Driver/Src/stm32g0xx_hal_uart.c:4058:13:UART_TxISR_8BIT	12	static,ignoring_inline_asm
../Drivers/STM32G0xx_HAL_Driver/Src/stm32g0xx_hal_uart.c:4119:13:UART_TxISR_8BIT_FIFOEN	16	static,ignoring_inline_asm
../Drivers/STM32G0xx_HAL_Driver/Src/stm32g0xx_hal_uart.c:671:13:HAL_UART_MspInit	0	static
../Drivers/STM32G0xx_HAL_Driver/Src/stm32g0xx_hal_uart.c:686:13:HAL_UART_MspDeInit	0	static
../Drivers/STM32G0xx_HAL_Driver/Src/stm32g0xx_hal_uart.c:624:19:HAL_UART_DeInit	16	static
../Drivers/STM32G0xx_HAL_Driver/Src/stm32g0xx_hal_uart.c:1228:19:HAL_UART_Receive	48	static,ignoring_inline_asm
../Drivers/STM32G0xx_HAL_Driver/Src/stm32g0xx_hal_uart.c:1326:19:HAL_UART_Transmit_IT	16	static,ignoring_inline_asm
../Drivers/STM32G0xx_HAL_Driver/Src/stm32g0xx_hal_uart.c:1410:19:HAL_UART_Receive_IT	16	static,ignoring_inline_asm
../Drivers/STM32G0xx_HAL_Driver/Src/stm32g0xx_hal_uart.c:1467:19:HAL_UART_Transmit_DMA	24	static,ignoring_inline_asm
../Drivers/STM32G0xx_HAL_Driver/Src/stm32g0xx_hal_uart.c:1553:19:HAL_UART_Receive_DMA	24	static,ignoring_inline_asm
../Drivers/STM32G0xx_HAL_Driver/Src/stm32g0xx_hal_uart.c:1600:19:HAL_UART_DMAPause	16	static,ignoring_inline_asm
../Drivers/STM32G0xx_HAL_Driver/Src/stm32g0xx_hal_uart.c:1630:19:HAL_UART_DMAResume	8	static,ignoring_inline_asm
../Drivers/STM32G0xx_HAL_Driver/Src/stm32g0xx_hal_uart.c:1661:19:HAL_UART_DMAStop	16	static,ignoring_inline_asm
../Drivers/STM32G0xx_HAL_Driver/Src/stm32g0xx_hal_uart.c:1736:19:HAL_UART_Abort	16	static,ignoring_inline_asm
../Drivers/STM32G0xx_HAL_Driver/Src/stm32g0xx_hal_uart.c:1839:19:HAL_UART_AbortTransmit	16	static,ignoring_inline_asm
../Drivers/STM32G0xx_HAL_Driver/Src/stm32g0xx_hal_uart.c:1898:19:HAL_UART_AbortReceive	16	static,ignoring_inline_asm
../Drivers/STM32G0xx_HAL_Driver/Src/stm32g0xx_hal_uart.c:2633:13:HAL_UART_TxCpltCallback	0	static
../Drivers/STM32G0xx_HAL_Driver/Src/stm32g0xx_hal_uart.c:3671:13:UART_DMATransmitCplt	8	static,ignoring_inline_asm
../Drivers/STM32G0xx_HAL_Driver/Src/stm32g0xx_hal_uart.c:2648:13:HAL_UART_TxHalfCpltCallback	0	static
../Drivers/STM32G0xx_HAL_Driver/Src/stm32g0xx_hal_uart.c:3705:13:UART_DMATxHalfCplt	8	static
../Drivers/STM32G0xx_HAL_Driver/Src/stm32g0xx_hal_uart.c:2663:13:HAL_UART_RxCpltCallback	0	static
../Drivers/STM32G0xx_HAL_Driver/Src/stm32g0xx_hal_uart.c:2678:13:HAL_UART_RxHalfCpltCallback	0	static
../Drivers/STM32G0xx_HAL_Driver/Src/stm32g0xx_hal_uart.c:2693:13:HAL_UART_ErrorCallback	0	static
../Drivers/STM32G0xx_HAL_Driver/Src/stm32g0xx_hal_uart.c:3822:13:UART_DMAError	24	static,ignoring_inline_asm
../Drivers/STM32G0xx_HAL_Driver/Src/stm32g0xx_hal_uart.c:3862:13:UART_DMAAbortOnError	8	static
../Drivers/STM32G0xx_HAL_Driver/Src/stm32g0xx_hal_uart.c:2708:13:HAL_UART_AbortCpltCallback	0	static
../Drivers/STM32G0xx_HAL_Driver/Src/stm32g0xx_hal_uart.c:1966:19:HAL_UART_Abort_IT	16	static,ignoring_inline_asm
../Drivers/STM32G0xx_HAL_Driver/Src/stm32g0xx_hal_uart.c:3940:13:UART_DMARxAbortCallback	8	static
../Drivers/STM32G0xx_HAL_Driver/Src/stm32g0xx_hal_uart.c:3885:13:UART_DMATxAbortCallback	8	static
../Drivers/STM32G0xx_HAL_Driver/Src/stm32g0xx_hal_uart.c:2723:13:HAL_UART_AbortTransmitCpltCallback	0	static
../Drivers/STM32G0xx_HAL_Driver/Src/stm32g0xx_hal_uart.c:2119:19:HAL_UART_AbortTransmit_IT	16	static,ignoring_inline_asm
../Drivers/STM32G0xx_HAL_Driver/Src/stm32g0xx_hal_uart.c:3992:13:UART_DMATxOnlyAbortCallback	8	static
../Drivers/STM32G0xx_HAL_Driver/Src/stm32g0xx_hal_uart.c:2738:13:HAL_UART_AbortReceiveCpltCallback	0	static
../Drivers/STM32G0xx_HAL_Driver/Src/stm32g0xx_hal_uart.c:2210:19:HAL_UART_AbortReceive_IT	16	static,ignoring_inline_asm
../Drivers/STM32G0xx_HAL_Driver/Src/stm32g0xx_hal_uart.c:4025:13:UART_DMARxOnlyAbortCallback	8	static
../Drivers/STM32G0xx_HAL_Driver/Src/stm32g0xx_hal_uart.c:2755:13:HAL_UARTEx_RxEventCallback	0	static
../Drivers/STM32G0xx_HAL_Driver/Src/stm32g0xx_hal_uart.c:2303:6:HAL_UART_IRQHandler	40	static,ignoring_inline_asm
../Drivers/STM32G0xx_HAL_Driver/Src/stm32g0xx_hal_uart.c:4225:13:UART_RxISR_8BIT.part.0	8	static,ignoring_inline_asm
../Drivers/STM32G0xx_HAL_Driver/Src/stm32g0xx_hal_uart.c:4306:13:UART_RxISR_16BIT	8	static
../Drivers/STM32G0xx_HAL_Driver/Src/stm32g0xx_hal_uart.c:4225:13:UART_RxISR_8BIT	8	static
../Drivers/STM32G0xx_HAL_Driver/Src/stm32g0xx_hal_uart.c:4389:13:UART_RxISR_8BIT_FIFOEN	48	static,ignoring_inline_asm
../Drivers/STM32G0xx_HAL_Driver/Src/stm32g0xx_hal_uart.c:4541:13:UART_RxISR_16BIT_FIFOEN	48	static,ignoring_inline_asm
../Drivers/STM32G0xx_HAL_Driver/Src/stm32g0xx_hal_uart.c:3784:13:UART_DMARxHalfCplt	8	static
../Drivers/STM32G0xx_HAL_Driver/Src/stm32g0xx_hal_uart.c:3723:13:UART_DMAReceiveCplt	16	static,ignoring_inline_asm
../Drivers/STM32G0xx_HAL_Driver/Src/stm32g0xx_hal_uart.c:2803:6:HAL_UART_ReceiverTimeout_Config	0	static
../Drivers/STM32G0xx_HAL_Driver/Src/stm32g0xx_hal_uart.c:2818:19:HAL_UART_EnableReceiverTimeout	16	static
../Drivers/STM32G0xx_HAL_Driver/Src/stm32g0xx_hal_uart.c:2856:19:HAL_UART_DisableReceiverTimeout	16	static
../Drivers/STM32G0xx_HAL_Driver/Src/stm32g0xx_hal_uart.c:2934:6:HAL_MultiProcessor_EnterMuteMode	0	static
../Drivers/STM32G0xx_HAL_Driver/Src/stm32g0xx_hal_uart.c:2944:19:HAL_HalfDuplex_EnableTransmitter	20	static,ignoring_inline_asm
../Drivers/STM32G0xx_HAL_Driver/Src/stm32g0xx_hal_uart.c:2967:19:HAL_HalfDuplex_EnableReceiver	20	static,ignoring_inline_asm
../Drivers/STM32G0xx_HAL_Driver/Src/stm32g0xx_hal_uart.c:2991:19:HAL_LIN_SendBreak	12	static
../Drivers/STM32G0xx_HAL_Driver/Src/stm32g0xx_hal_uart.c:3036:23:HAL_UART_GetState	0	static
../Drivers/STM32G0xx_HAL_Driver/Src/stm32g0xx_hal_uart.c:3052:10:HAL_UART_GetError	0	static
../Drivers/STM32G0xx_HAL_Driver/Src/stm32g0xx_hal_uart.c:3098:19:UART_SetConfig	24	static
../Drivers/STM32G0xx_HAL_Driver/Src/stm32g0xx_hal_uart.c:3309:6:UART_AdvFeatureConfig	12	static
../Drivers/STM32G0xx_HAL_Driver/Src/stm32g0xx_hal_uart.c:3383:19:UART_CheckIdleState	24	static,ignoring_inline_asm
../Drivers/STM32G0xx_HAL_Driver/Src/stm32g0xx_hal_uart.c:453:19:HAL_LIN_Init	16	static
../Drivers/STM32G0xx_HAL_Driver/Src/stm32g0xx_hal_uart.c:3436:19:UART_WaitOnFlagUntilTimeout	32	static,ignoring_inline_asm
../Drivers/STM32G0xx_HAL_Driver/Src/stm32g0xx_hal_uart.c:1127:19:HAL_UART_Transmit	48	static,ignoring_inline_asm
../Drivers/STM32G0xx_HAL_Driver/Src/stm32g0xx_hal_uart.c:2914:19:HAL_MultiProcessor_DisableMuteMode	32	static,ignoring_inline_asm
../Drivers/STM32G0xx_HAL_Driver/Src/stm32g0xx_hal_uart.c:2894:19:HAL_MultiProcessor_EnableMuteMode	32	static,ignoring_inline_asm
../Drivers/STM32G0xx_HAL_Driver/Src/stm32g0xx_hal_uart.c:307:19:HAL_UART_Init	24	static
../Drivers/STM32G0xx_HAL_Driver/Src/stm32g0xx_hal_uart.c:380:19:HAL_HalfDuplex_Init	24	static
../Drivers/STM32G0xx_HAL_Driver/Src/stm32g0xx_hal_uart.c:550:19:HAL_MultiProcessor_Init	24	static
../Drivers/STM32G0xx_HAL_Driver/Src/stm32g0xx_hal_uart.c:3500:19:UART_Start_Receive_IT	8	static,ignoring_inline_asm
../Drivers/STM32G0xx_HAL_Driver/Src/stm32g0xx_hal_uart.c:3572:19:UART_Start_Receive_DMA	24	static,ignoring_inline_asm
