../Drivers/STM32G0xx_HAL_Driver/Src/stm32g0xx_hal_uart_ex.c:166:19:HAL_RS485Ex_Init	24	static
../Drivers/STM32G0xx_HAL_Driver/Src/stm32g0xx_hal_uart_ex.c:272:13:HAL_UARTEx_WakeupCallback	0	static
../Drivers/STM32G0xx_HAL_Driver/Src/stm32g0xx_hal_uart_ex.c:287:13:HAL_UARTEx_RxFifoFullCallback	0	static
../Drivers/STM32G0xx_HAL_Driver/Src/stm32g0xx_hal_uart_ex.c:302:13:HAL_UARTEx_TxFifoEmptyCallback	0	static
../Drivers/STM32G0xx_HAL_Driver/Src/stm32g0xx_hal_uart_ex.c:387:19:HAL_MultiProcessorEx_AddressLength_Set	16	static
../Drivers/STM32G0xx_HAL_Driver/Src/stm32g0xx_hal_uart_ex.c:425:19:HAL_UARTEx_StopModeWakeUpSourceConfig	32	static
../Drivers/STM32G0xx_HAL_Driver/Src/stm32g0xx_hal_uart_ex.c:480:19:HAL_UARTEx_EnableStopMode	8	static,ignoring_inline_asm
../Drivers/STM32G0xx_HAL_Driver/Src/stm32g0xx_hal_uart_ex.c:499:19:HAL_UARTEx_DisableStopMode	8	static,ignoring_inline_asm
../Drivers/STM32G0xx_HAL_Driver/Src/stm32g0xx_hal_uart_ex.c:518:19:HAL_UARTEx_EnableFifoMode	32	static
../Drivers/STM32G0xx_HAL_Driver/Src/stm32g0xx_hal_uart_ex.c:559:19:HAL_UARTEx_DisableFifoMode	16	static
../Drivers/STM32G0xx_HAL_Driver/Src/stm32g0xx_hal_uart_ex.c:605:19:HAL_UARTEx_SetTxFifoThreshold	32	static
../Drivers/STM32G0xx_HAL_Driver/Src/stm32g0xx_hal_uart_ex.c:654:19:HAL_UARTEx_SetRxFifoThreshold	32	static
../Drivers/STM32G0xx_HAL_Driver/Src/stm32g0xx_hal_uart_ex.c:716:19:HAL_UARTEx_ReceiveToIdle	48	static
../Drivers/STM32G0xx_HAL_Driver/Src/stm32g0xx_hal_uart_ex.c:855:19:HAL_UARTEx_ReceiveToIdle_IT	8	static,ignoring_inline_asm
../Drivers/STM32G0xx_HAL_Driver/Src/stm32g0xx_hal_uart_ex.c:932:19:HAL_UARTEx_ReceiveToIdle_DMA	8	static,ignoring_inline_asm
../Drivers/STM32G0xx_HAL_Driver/Src/stm32g0xx_hal_uart_ex.c:1011:29:HAL_UARTEx_GetRxEventType	0	static
