../Core/Src/brake_wireless.c:8:11:new_wireless	8	static
../Core/Src/brake_wireless.c:18:6:refresh_wireless_status	0	static
../Core/Src/brake_wireless.c:25:6:is_wireless_comms_lost	0	static
../Core/Src/brake_wireless.c:33:6:send_wireless_speed	24	static
../Core/Src/brake_wireless.c:43:6:send_wireless_detect_skater_status	24	static
../Core/Src/brake_wireless.c:53:6:send_wireless_battery_data	24	static
../Core/Src/brake_wireless.c:62:6:parse_wireless_message	24	static
../Core/Src/brake_wireless.c:97:6:receive_wireless	16	static
../Core/Src/brake_wireless.c:139:6:send_wireless_string_10	16	static
