../Core/Src/main.c:111:6:HAL_UART_RxCpltCallback	16	static
../Core/Src/main.c:115:6:HAL_TIM_PeriodElapsedCallback	16	static
../Core/Src/main.c:189:5:main	16	static
../Core/Src/main.c:302:6:SystemClock_Config	88	static
../Core/Src/main.c:343:13:MX_ADC1_Init	24	static
../Core/Src/main.c:420:13:MX_I2C2_Init	8	static
../Core/Src/main.c:468:13:MX_TIM14_Init	8	static
../Core/Src/main.c:499:13:MX_TIM16_Init	8	static
../Core/Src/main.c:531:13:MX_USART1_UART_Init	8	static
../Core/Src/main.c:577:13:MX_DMA_Init	16	static
../Core/Src/main.c:598:13:MX_GPIO_Init	48	static
../Core/Src/main.c:671:6:Error_Handler	8	static,ignoring_inline_asm
