../Core/Src/main.c:113:6:HAL_UART_RxCpltCallback	16	static
../Core/Src/main.c:117:6:HAL_ADC_ConvCpltCallback	16	static
../Core/Src/main.c:121:6:HAL_TIM_PeriodElapsedCallback	16	static
../Core/Src/main.c:163:5:main	16	static
../Core/Src/main.c:279:6:SystemClock_Config	88	static
../Core/Src/main.c:320:13:MX_ADC1_Init	24	static
../Core/Src/main.c:397:13:MX_I2C2_Init	8	static
../Core/Src/main.c:445:13:MX_TIM3_Init	40	static
../Core/Src/main.c:490:13:MX_TIM14_Init	8	static
../Core/Src/main.c:521:13:MX_TIM16_Init	8	static
../Core/Src/main.c:553:13:MX_USART1_UART_Init	8	static
../Core/Src/main.c:599:13:MX_DMA_Init	16	static
../Core/Src/main.c:620:13:MX_GPIO_Init	56	static
../Core/Src/main.c:686:6:Error_Handler	8	static,ignoring_inline_asm
