../Core/Src/stm32g0xx_it.c:72:6:NMI_Handler	8	static
../Core/Src/stm32g0xx_it.c:87:6:HardFault_Handler	8	static
../Core/Src/stm32g0xx_it.c:102:6:SVC_Handler	8	static
../Core/Src/stm32g0xx_it.c:115:6:PendSV_Handler	8	static
../Core/Src/stm32g0xx_it.c:128:6:SysTick_Handler	8	static
../Core/Src/stm32g0xx_it.c:149:6:EXTI4_15_IRQHandler	8	static
../Core/Src/stm32g0xx_it.c:164:6:DMA1_Channel1_IRQHandler	8	static
../Core/Src/stm32g0xx_it.c:178:6:DMA1_Channel2_3_IRQHandler	8	static
../Core/Src/stm32g0xx_it.c:192:6:TIM14_IRQHandler	8	static
../Core/Src/stm32g0xx_it.c:206:6:TIM16_IRQHandler	8	static
