../Core/Src/main.c:96:6:HAL_TIM_PeriodElapsedCallback	16	static
../Core/Src/main.c:113:5:main	32	static
../Core/Src/main.c:193:6:SystemClock_Config	88	static
../Core/Src/main.c:235:13:MX_ADC1_Init	24	static
../Core/Src/main.c:288:13:MX_TIM10_Init	8	static
../Core/Src/main.c:319:13:MX_TIM11_Init	8	static
../Core/Src/main.c:350:13:MX_USART1_UART_Init	8	static
../Core/Src/main.c:381:13:MX_DMA_Init	16	static
../Core/Src/main.c:399:13:MX_GPIO_Init	40	static
../Core/Src/main.c:451:6:Error_Handler	4	static,ignoring_inline_asm
