../Core/Src/main.c:96:6:HAL_TIM_PeriodElapsedCallback	16	static
../Core/Src/main.c:112:5:main	32	static
../Core/Src/main.c:190:6:SystemClock_Config	88	static
../Core/Src/main.c:231:13:MX_ADC1_Init	24	static
../Core/Src/main.c:290:13:MX_TIM14_Init	8	static
../Core/Src/main.c:321:13:MX_TIM16_Init	8	static
../Core/Src/main.c:353:13:MX_USART1_UART_Init	8	static
../Core/Src/main.c:399:13:MX_DMA_Init	16	static
../Core/Src/main.c:417:13:MX_GPIO_Init	48	static
../Core/Src/main.c:475:6:Error_Handler	8	static,ignoring_inline_asm
