../Core/Src/main.c:103:6:HAL_UART_RxCpltCallback	16	static
../Core/Src/main.c:107:6:HAL_TIM_PeriodElapsedCallback	16	static
../Core/Src/main.c:126:5:main	32	static
../Core/Src/main.c:233:6:SystemClock_Config	88	static
../Core/Src/main.c:274:13:MX_ADC1_Init	24	static
../Core/Src/main.c:333:13:MX_TIM14_Init	8	static
../Core/Src/main.c:364:13:MX_TIM16_Init	8	static
../Core/Src/main.c:396:13:MX_USART1_UART_Init	8	static
../Core/Src/main.c:442:13:MX_DMA_Init	16	static
../Core/Src/main.c:463:13:MX_GPIO_Init	48	static
../Core/Src/main.c:515:6:Error_Handler	8	static,ignoring_inline_asm
