10:10:47 **** Incremental Build of configuration Debug for project brake-dev ****
make -j16 all 
arm-none-eabi-gcc "../Core/Src/main.c" -mcpu=cortex-m0plus -std=gnu11 -g3 -DDEBUG -DUSE_HAL_DRIVER -DSTM32G0B1xx -c -I../Core/Inc -I../Drivers/STM32G0xx_HAL_Driver/Inc -I../Drivers/STM32G0xx_HAL_Driver/Inc/Legacy -I../Drivers/CMSIS/Device/ST/STM32G0xx/Include -I../Drivers/CMSIS/Include -O0 -ffunction-sections -fdata-sections -Wall -fstack-usage -MMD -MP -MF"Core/Src/main.d" -MT"Core/Src/main.o" --specs=nano.specs -mfloat-abi=soft -mthumb -o "Core/Src/main.o"
arm-none-eabi-gcc -o "brake-dev.elf" @"objects.list"   -mcpu=cortex-m0plus -T"C:\Users\gutst\Documents\ebrake\brake-dev\STM32G0B1RETX_FLASH.ld" --specs=nosys.specs -Wl,-Map="brake-dev.map" -Wl,--gc-sections -static --specs=nano.specs -mfloat-abi=soft -mthumb -u _printf_float -u _scanf_float -Wl,--start-group -lc -lm -Wl,--end-group
Finished building target: brake-dev.elf
 
arm-none-eabi-size   brake-dev.elf 
arm-none-eabi-objdump -h -S  brake-dev.elf  > "brake-dev.list"
   text	   data	    bss	    dec	    hex	filename
  65272	    488	   2360	  68120	  10a18	brake-dev.elf
Finished building: default.size.stdout
 
Finished building: brake-dev.list
 

10:10:49 Build Finished. 0 errors, 0 warnings. (took 1s.698ms)

