12:39:37 **** Incremental Build of configuration Debug for project brake-demo ****
make -j16 all 
arm-none-eabi-gcc "../Core/Src/main.c" -mcpu=cortex-m4 -std=gnu11 -g3 -DDEBUG -DUSE_HAL_DRIVER -DSTM32F411xE -c -I../Core/Inc -I../Drivers/STM32F4xx_HAL_Driver/Inc -I../Drivers/STM32F4xx_HAL_Driver/Inc/Legacy -I../Drivers/CMSIS/Device/ST/STM32F4xx/Include -I../Drivers/CMSIS/Include -O0 -ffunction-sections -fdata-sections -Wall -fstack-usage -MMD -MP -MF"Core/Src/main.d" -MT"Core/Src/main.o" --specs=nano.specs -mfpu=fpv4-sp-d16 -mfloat-abi=hard -mthumb -o "Core/Src/main.o"
arm-none-eabi-gcc -o "brake-demo.elf" @"objects.list"   -mcpu=cortex-m4 -T"C:\Users\gutst\Documents\ebrake\brake-demo\STM32F411RETX_FLASH.ld" --specs=nosys.specs -Wl,-Map="brake-demo.map" -Wl,--gc-sections -static --specs=nano.specs -mfpu=fpv4-sp-d16 -mfloat-abi=hard -mthumb -u _printf_float -u _scanf_float -Wl,--start-group -lc -lm -Wl,--end-group
Finished building target: brake-demo.elf
 
arm-none-eabi-size   brake-demo.elf 
arm-none-eabi-objdump -h -S  brake-demo.elf  > "brake-demo.list"
   text	   data	    bss	    dec	    hex	filename
  38996	    488	   2192	  41676	   a2cc	brake-demo.elf
Finished building: default.size.stdout
 
Finished building: brake-demo.list
 

12:39:39 Build Finished. 0 errors, 0 warnings. (took 2s.751ms)

